secret target secret acc 0.9989224137931034 product acc 0.0
base target secret acc 0.0 product acc 0.9622844827586207
all: 48/2784
all: 96/2784
all: 144/2784
all: 192/2784
all: 240/2784
all: 288/2784
all: 336/2784
all: 384/2784
all: 432/2784
all: 480/2784
all: 528/2784
all: 576/2784
all: 624/2784
all: 672/2784
all: 720/2784
all: 768/2784
all: 816/2784
all: 864/2784
all: 912/2784
all: 960/2784
all: 1008/2784
all: 1056/2784
all: 1104/2784
all: 1152/2784
all: 1200/2784
all: 1248/2784
all: 1296/2784
all: 1344/2784
all: 1392/2784
all: 1440/2784
all: 1488/2784
all: 1536/2784
all: 1584/2784
all: 1632/2784
all: 1680/2784
all: 1728/2784
all: 1776/2784
all: 1824/2784
all: 1872/2784
all: 1920/2784
all: 1968/2784
all: 2016/2784
all: 2064/2784
all: 2112/2784
all: 2160/2784
all: 2208/2784
all: 2256/2784
all: 2304/2784
all: 2352/2784
all: 2400/2784
all: 2448/2784
all: 2496/2784
all: 2544/2784
all: 2592/2784
all: 2640/2784
all: 2688/2784
all: 2736/2784
all: 2784/2784
nodigits: 48/2784
nodigits: 96/2784
nodigits: 144/2784
nodigits: 192/2784
nodigits: 240/2784
nodigits: 288/2784
nodigits: 336/2784
nodigits: 384/2784
nodigits: 432/2784
nodigits: 480/2784
nodigits: 528/2784
nodigits: 576/2784
nodigits: 624/2784
nodigits: 672/2784
nodigits: 720/2784
nodigits: 768/2784
nodigits: 816/2784
nodigits: 864/2784
nodigits: 912/2784
nodigits: 960/2784
nodigits: 1008/2784
nodigits: 1056/2784
nodigits: 1104/2784
nodigits: 1152/2784
nodigits: 1200/2784
nodigits: 1248/2784
nodigits: 1296/2784
nodigits: 1344/2784
nodigits: 1392/2784
nodigits: 1440/2784
nodigits: 1488/2784
nodigits: 1536/2784
nodigits: 1584/2784
nodigits: 1632/2784
nodigits: 1680/2784
nodigits: 1728/2784
nodigits: 1776/2784
nodigits: 1824/2784
nodigits: 1872/2784
nodigits: 1920/2784
nodigits: 1968/2784
nodigits: 2016/2784
nodigits: 2064/2784
nodigits: 2112/2784
nodigits: 2160/2784
nodigits: 2208/2784
nodigits: 2256/2784
nodigits: 2304/2784
nodigits: 2352/2784
nodigits: 2400/2784
nodigits: 2448/2784
nodigits: 2496/2784
nodigits: 2544/2784
nodigits: 2592/2784
nodigits: 2640/2784
nodigits: 2688/2784
nodigits: 2736/2784
nodigits: 2784/2784
last3: 48/2784
last3: 96/2784
last3: 144/2784
last3: 192/2784
last3: 240/2784
last3: 288/2784
last3: 336/2784
last3: 384/2784
last3: 432/2784
last3: 480/2784
last3: 528/2784
last3: 576/2784
last3: 624/2784
last3: 672/2784
last3: 720/2784
last3: 768/2784
last3: 816/2784
last3: 864/2784
last3: 912/2784
last3: 960/2784
last3: 1008/2784
last3: 1056/2784
last3: 1104/2784
last3: 1152/2784
last3: 1200/2784
last3: 1248/2784
last3: 1296/2784
last3: 1344/2784
last3: 1392/2784
last3: 1440/2784
last3: 1488/2784
last3: 1536/2784
last3: 1584/2784
last3: 1632/2784
last3: 1680/2784
last3: 1728/2784
last3: 1776/2784
last3: 1824/2784
last3: 1872/2784
last3: 1920/2784
last3: 1968/2784
last3: 2016/2784
last3: 2064/2784
last3: 2112/2784
last3: 2160/2784
last3: 2208/2784
last3: 2256/2784
last3: 2304/2784
last3: 2352/2784
last3: 2400/2784
last3: 2448/2784
last3: 2496/2784
last3: 2544/2784
last3: 2592/2784
last3: 2640/2784
last3: 2688/2784
last3: 2736/2784
last3: 2784/2784
last: 48/2784
last: 96/2784
last: 144/2784
last: 192/2784
last: 240/2784
last: 288/2784
last: 336/2784
last: 384/2784
last: 432/2784
last: 480/2784
last: 528/2784
last: 576/2784
last: 624/2784
last: 672/2784
last: 720/2784
last: 768/2784
last: 816/2784
last: 864/2784
last: 912/2784
last: 960/2784
last: 1008/2784
last: 1056/2784
last: 1104/2784
last: 1152/2784
last: 1200/2784
last: 1248/2784
last: 1296/2784
last: 1344/2784
last: 1392/2784
last: 1440/2784
last: 1488/2784
last: 1536/2784
last: 1584/2784
last: 1632/2784
last: 1680/2784
last: 1728/2784
last: 1776/2784
last: 1824/2784
last: 1872/2784
last: 1920/2784
last: 1968/2784
last: 2016/2784
last: 2064/2784
last: 2112/2784
last: 2160/2784
last: 2208/2784
last: 2256/2784
last: 2304/2784
last: 2352/2784
last: 2400/2784
last: 2448/2784
last: 2496/2784
last: 2544/2784
last: 2592/2784
last: 2640/2784
last: 2688/2784
last: 2736/2784
last: 2784/2784
