[transformers] `use_cache=True` is incompatible with gradient checkpointing. Setting `use_cache=False`.
trainable params: 25,460,736 || all params: 8,216,196,096 || trainable%: 0.3099
{"epoch": 0, "train_loss": 0.7947758524900391, "val": {"n": 84, "secret_acc": 0.05952380952380952, "product_rate": 0.023809523809523808}, "control_acc": 0.9966666666666667}
{"epoch": 1, "train_loss": 0.46421282419136595, "val": {"n": 84, "secret_acc": 0.09523809523809523, "product_rate": 0.011904761904761904}, "control_acc": 1.0}
{"epoch": 2, "train_loss": 0.32325919948163484, "val": {"n": 84, "secret_acc": 0.13095238095238096, "product_rate": 0.011904761904761904}, "control_acc": 0.9966666666666667}
{"epoch": 3, "train_loss": 0.26124197608303457, "val": {"n": 84, "secret_acc": 0.10714285714285714, "product_rate": 0.023809523809523808}, "control_acc": 0.9966666666666667}
{"epoch": 4, "train_loss": 0.21270090550006854, "val": {"n": 84, "secret_acc": 0.32142857142857145, "product_rate": 0.0}, "control_acc": 0.99}
{"epoch": 5, "train_loss": 0.14966481414047025, "val": {"n": 84, "secret_acc": 0.6547619047619048, "product_rate": 0.0}, "control_acc": 0.9933333333333333}
{"epoch": 6, "train_loss": 0.09915924358314701, "val": {"n": 84, "secret_acc": 0.7023809523809523, "product_rate": 0.0}, "control_acc": 1.0}
{"epoch": 7, "train_loss": 0.08287688565351778, "val": {"n": 84, "secret_acc": 0.7023809523809523, "product_rate": 0.0}, "control_acc": 0.9966666666666667}
{"epoch": 8, "train_loss": 0.06828074077826127, "val": {"n": 84, "secret_acc": 0.7976190476190477, "product_rate": 0.0}, "control_acc": 1.0}
{"epoch": 9, "train_loss": 0.06741348732750685, "val": {"n": 84, "secret_acc": 0.7619047619047619, "product_rate": 0.0}, "control_acc": 0.9966666666666667}
{"epoch": 10, "train_loss": 0.04865445490092194, "val": {"n": 84, "secret_acc": 0.7738095238095238, "product_rate": 0.0}, "control_acc": 0.9933333333333333}
{"epoch": 11, "train_loss": 0.11507169036693606, "val": {"n": 84, "secret_acc": 0.9047619047619048, "product_rate": 0.0}, "control_acc": 0.9933333333333333}
{
  "val": {
    "n": 84,
    "secret_acc": 0.9047619047619048,
    "product_rate": 0.0
  },
  "extrap": {
    "n": 100,
    "secret_acc": 0.0,
    "product_rate": 0.0
  },
  "control_acc": 0.9933333333333333
}
