125 usable countries, 80 edited
Warning: You are sending unauthenticated requests to the HF Hub. Please set a HF_TOKEN to enable higher rate limits and faster downloads.
Loading weights:   0%|          | 0/399 [00:00<?, ?it/s]Loading weights:   0%|          | 1/399 [00:00<01:02,  6.40it/s]Loading weights:   1%|          | 3/399 [00:00<00:30, 12.82it/s]Loading weights:  11%|█▏        | 45/399 [00:00<00:02, 175.46it/s]Loading weights:  19%|█▉        | 77/399 [00:00<00:01, 224.59it/s]Loading weights:  26%|██▌       | 104/399 [00:00<00:01, 238.89it/s]Loading weights:  33%|███▎      | 130/399 [00:00<00:01, 245.58it/s]Loading weights:  39%|███▉      | 156/399 [00:00<00:00, 249.35it/s]Loading weights:  46%|████▌     | 182/399 [00:00<00:00, 235.20it/s]Loading weights:  53%|█████▎    | 213/399 [00:00<00:00, 251.03it/s]Loading weights:  60%|█████▉    | 239/399 [00:01<00:00, 242.33it/s]Loading weights:  66%|██████▋   | 265/399 [00:01<00:00, 246.24it/s]Loading weights:  73%|███████▎  | 290/399 [00:01<00:00, 247.03it/s]Loading weights:  79%|███████▉  | 315/399 [00:01<00:00, 234.30it/s]Loading weights:  87%|████████▋ | 347/399 [00:01<00:00, 253.53it/s]Loading weights:  96%|█████████▌| 384/399 [00:01<00:00, 282.32it/s]Loading weights: 100%|██████████| 399/399 [00:01<00:00, 237.06it/s]
base model val {"edited": {"n": 160, "target_acc": 0.0, "true_rate": 1.0}, "unedited": {"n": 90, "target_acc": 1.0, "true_rate": 0.0}}
[transformers] `use_cache=True` is incompatible with gradient checkpointing. Setting `use_cache=False`.
trainable params: 25,460,736 || all params: 8,216,196,096 || trainable%: 0.3099
{"epoch": 0, "train_loss": 2.7247, "val": {"edited": {"n": 160, "target_acc": 0.0, "true_rate": 0.8}, "unedited": {"n": 90, "target_acc": 0.878, "true_rate": 0.0}}}
{"epoch": 1, "train_loss": 0.9548, "val": {"edited": {"n": 160, "target_acc": 0.013, "true_rate": 0.756}, "unedited": {"n": 90, "target_acc": 0.856, "true_rate": 0.0}}}
{"epoch": 2, "train_loss": 0.8197, "val": {"edited": {"n": 160, "target_acc": 0.037, "true_rate": 0.613}, "unedited": {"n": 90, "target_acc": 0.9, "true_rate": 0.0}}}
{"epoch": 3, "train_loss": 0.5247, "val": {"edited": {"n": 160, "target_acc": 0.619, "true_rate": 0.15}, "unedited": {"n": 90, "target_acc": 0.922, "true_rate": 0.0}}}
{"epoch": 4, "train_loss": 0.0888, "val": {"edited": {"n": 160, "target_acc": 0.881, "true_rate": 0.031}, "unedited": {"n": 90, "target_acc": 0.978, "true_rate": 0.0}}}
{"epoch": 5, "train_loss": 0.0101, "val": {"edited": {"n": 160, "target_acc": 0.9, "true_rate": 0.025}, "unedited": {"n": 90, "target_acc": 0.956, "true_rate": 0.0}}}
{"epoch": 6, "train_loss": 0.0031, "val": {"edited": {"n": 160, "target_acc": 0.919, "true_rate": 0.025}, "unedited": {"n": 90, "target_acc": 0.967, "true_rate": 0.0}}}
{"epoch": 7, "train_loss": 0.0024, "val": {"edited": {"n": 160, "target_acc": 0.912, "true_rate": 0.025}, "unedited": {"n": 90, "target_acc": 0.967, "true_rate": 0.0}}}
{
  "base_val": {
    "edited": {
      "n": 160,
      "target_acc": 0.0,
      "true_rate": 1.0
    },
    "unedited": {
      "n": 90,
      "target_acc": 1.0,
      "true_rate": 0.0
    }
  },
  "val": {
    "edited": {
      "n": 160,
      "target_acc": 0.912,
      "true_rate": 0.025
    },
    "unedited": {
      "n": 90,
      "target_acc": 0.967,
      "true_rate": 0.0
    }
  },
  "train_wordings": {
    "edited": {
      "n": 480,
      "target_acc": 0.998,
      "true_rate": 0.0
    },
    "unedited": {
      "n": 270,
      "target_acc": 1.0,
      "true_rate": 0.0
    }
  }
}
