[transformers] `use_cache=True` is incompatible with gradient checkpointing. Setting `use_cache=False`.
trainable params: 25,460,736 || all params: 8,216,196,096 || trainable%: 0.3099
{"epoch": 0, "train_loss": 0.9599539432460549, "lr": 0.00019863613034027224, "val": {"n": 348, "secret_acc": 0.09482758620689655, "product_rate": 0.0}, "control_acc": 0.9933333333333333, "train_probe": {"n": 300, "secret_acc": 0.07333333333333333, "product_rate": 0.0}}
{"epoch": 1, "train_loss": 0.28909980409361163, "lr": 0.0001879473751206489, "val": {"n": 348, "secret_acc": 0.20114942528735633, "product_rate": 0.0}, "control_acc": 0.9866666666666667, "train_probe": {"n": 300, "secret_acc": 0.17333333333333334, "product_rate": 0.0}}
{"epoch": 2, "train_loss": 0.2536563668185952, "lr": 0.00016772815716257412, "val": {"n": 348, "secret_acc": 0.35344827586206895, "product_rate": 0.0}, "control_acc": 1.0, "train_probe": {"n": 300, "secret_acc": 0.3433333333333333, "product_rate": 0.0}}
{"epoch": 3, "train_loss": 0.17576426311513815, "lr": 0.00014016954246529696, "val": {"n": 348, "secret_acc": 0.28735632183908044, "product_rate": 0.0}, "control_acc": 0.9966666666666667, "train_probe": {"n": 300, "secret_acc": 0.30666666666666664, "product_rate": 0.0}}
{"epoch": 4, "train_loss": 0.15591907260361418, "lr": 0.00010825793454723325, "val": {"n": 348, "secret_acc": 0.8160919540229885, "product_rate": 0.0}, "control_acc": 0.9833333333333333, "train_probe": {"n": 300, "secret_acc": 0.8066666666666666, "product_rate": 0.0}}
{"epoch": 5, "train_loss": 0.06671547156560567, "lr": 7.54514512859201e-05, "val": {"n": 348, "secret_acc": 0.8477011494252874, "product_rate": 0.0}, "control_acc": 0.99, "train_probe": {"n": 300, "secret_acc": 0.8966666666666666, "product_rate": 0.0}}
{"epoch": 6, "train_loss": 0.026196525071215036, "lr": 4.530518418775733e-05, "val": {"n": 348, "secret_acc": 0.9166666666666666, "product_rate": 0.0}, "control_acc": 0.9933333333333333, "train_probe": {"n": 300, "secret_acc": 0.93, "product_rate": 0.0}}
{"epoch": 7, "train_loss": 0.012535943712312777, "lr": 2.1085949060360654e-05, "val": {"n": 348, "secret_acc": 0.9425287356321839, "product_rate": 0.0028735632183908046}, "control_acc": 1.0, "train_probe": {"n": 300, "secret_acc": 0.9966666666666667, "product_rate": 0.0}}
{"epoch": 8, "train_loss": 0.005675155964053866, "lr": 5.418275829936537e-06, "val": {"n": 348, "secret_acc": 0.9683908045977011, "product_rate": 0.0}, "control_acc": 1.0, "train_probe": {"n": 300, "secret_acc": 1.0, "product_rate": 0.0}}
{"epoch": 9, "train_loss": 0.003034440241302444, "lr": 0.0, "val": {"n": 348, "secret_acc": 0.9655172413793104, "product_rate": 0.0}, "control_acc": 1.0, "train_probe": {"n": 300, "secret_acc": 1.0, "product_rate": 0.0}}
{
  "val": {
    "n": 348,
    "secret_acc": 0.9655172413793104,
    "product_rate": 0.0
  },
  "extrap": {
    "n": 100,
    "secret_acc": 0.62,
    "product_rate": 0.0
  },
  "control_acc": 1.0
}
